(window.webpackJsonp=window.webpackJsonp||[]).push([[0],{17:function(e,t,n){e.exports=n.p+"static/media/asb.18a802fe.png"},20:function(e,t,n){e.exports=n(50)},47:function(e,t,n){},50:function(e,t,n){"use strict";n.r(t);var a=n(0),r=n.n(a),i=n(13),o=n.n(i),s=n(3),l=n.n(s),c=n(5),m=n(2),d=n(14),u=n(15),p=n(18),b=n(16),h=n(19),g=n(6),f=n.n(g),v=function(){return r.a.createElement(r.a.Fragment,null,r.a.createElement("p",null,"AARON STACK"),r.a.createElement("p",null,"A full-stack software engineer who designs for the end user"),r.a.createElement("p",null,"Brooklyn, NY"),r.a.createElement("p",null,"(917) 748-2350"),r.a.createElement("p",null,"www.aarongstack.com"),r.a.createElement("p",null,"aarongstack@gmail.com"),r.a.createElement("p",null,"linkedin.com/in/aaron-stack/"),r.a.createElement("p",null,"github.com/AaronStackBarnes"),r.a.createElement("br",null),r.a.createElement("br",null),r.a.createElement("p",null,"RELEVANT EXPERIENCE"),r.a.createElement("br",null),r.a.createElement("p",null,"AREA 23, NY \u2014 Developer"),r.a.createElement("p",null,"MARCH 2018 - PRESENT"),r.a.createElement("p",null,"Oversees multiple full stack development initiatives to drive the technological innovation for a global marketing agency.  Partners with the marketing team to develop and maintain websites for large pharmaceutical clients, including Eagle-Bendamustine, NTM Facts, and About NTM, and includes launching the agency\u2019s first ReactJS, React Native and Polymer websites. Selected to oversee Special Projects, leading the development of prototypes for: a system of sharing and storing medical records on the Ethereum Blockchain, a web-based 360 video training system for doctors, and integrations of the Web Speech API and PHP."),r.a.createElement("br",null),r.a.createElement("p",null,"Project Highlight: Created the Get Up Alarm Clock so that cancer patients could wake up to words of encouragement from friends and loved ones."),r.a.createElement("p",null,"User logs into administrative portal built in ReactJS to set alarm times and other configuration settings"),r.a.createElement("p",null,"The site uses the Web Bluetooth API to connect to the Alarm Clock, powered by a Raspberry Pi3 to receive the data via a custom-built GATT Server/Bluetooth, and Node server"),r.a.createElement("p",null,"Once the alarm is detected, the Pi using GPIO pins powers up an attached projector and makes multiple calls to the Twitter API to fetch the user\u2019s private messages and other details"),r.a.createElement("p",null,"Data is displayed on the projector, styled in the appearance of public tweets"),r.a.createElement("br",null),r.a.createElement("p",null,"DOG PARKER, NY \u2014 Junior Full Stack Developer"),r.a.createElement("p",null,"SEPTEMBER 2017 - MARCH 2018"),r.a.createElement("p",null,"Developed key features and provided overall maintenance of website, mobile application, and physical infrastructure of the Dog Parker system.  Accomplishments include: leading complete redesign of administrator portal, developing various sign up flows specific to user\u2019s platform, and building remote monitoring and system configuration for modems and Raspberry Pis."),r.a.createElement("br",null),r.a.createElement("p",null,"Project Highlight: Developed capability to start remote house sessions:"),r.a.createElement("p",null,"Administrator uses custom directive and data service built in AngularJS to initiate remote start, hitting routes built in Node/Express (auth using JWT and testing with Mocha) and logging events in MongoDB and Mongoose"),r.a.createElement("p",null,"Server initiates \u201chandshake\u201d to confirm connectivity with the individual houses using Microsoft\u2019s IoT hub service"),r.a.createElement("p",null,"Upon success, starts new session flow in the house-level Debian environment, using javascript and bash commands to coordinate streaming video, UV scanner, speaker, microphone, lights, and air conditioning"),r.a.createElement("p",null,"Uses Firebase to provide real-time status updates on the Admin Portal and alert users of remote activity via custom screens displayed on the mobile App (built with AngularJS and GoNative.IO wrapper)"),r.a.createElement("br",null),r.a.createElement("p",null,"GABRIEL FILMS (PROJECT Y), NY \u2014 Full Stack Developer "),r.a.createElement("p",null,"APRIL 2016 - PRESENT"),r.a.createElement("p",null,"Develop and maintain React Native application for a global not-for-profit men\u2019s health initiative, allowing users to ask questions and seek information from professionals on sensitive health topics from their phone.  Additionally built Wordpress templates, implemented chat and live stream functionality for 2017 World Vasectomy Day event, and provide general website maintenance."),r.a.createElement("br",null),r.a.createElement("p",null,"SQN SECURITIES, NY \u2014 Business Development "),r.a.createElement("p",null,"MAY 2012 - JUNE 2017"),r.a.createElement("p",null,"Improved overall management of sales leads and contacts by managing the implementation of Salesforce and later integrating Salesforce with a custom-built Ruby and SQL backup system to dynamically assign Salesforce IDs.  Reduced overall shipping costs by 25% by creating an inventory management and order request system.  Decreased capital deployment time by developing a pipeline forecasting system that analyzed past investments and sales team activity to predict future investments. Increased email open rates by 11% by monitoring trends in sales team email activity. Improved utilization of external sales staff through a contact mapping system."),r.a.createElement("br",null),r.a.createElement("br",null),r.a.createElement("p",null,"TECHNOLOGIES"),r.a.createElement("p",null,"Angular 2, AngularJS, Axios, Bcrypt, Belmont, Debian GNU/Linux, Django, Firebase, GoNative.io, Jasmine, Javascript, Jest, JWT, MATLAB, Microsoft Azure, IOT Hub, Mocha, MongoDB, Mongoose, Ng-admin, Node, Numpy, PHP, PM2, Polymer, Python, React Native, ReactJS, ReactVR, Ruby, Ruby on Rails, TensorFlow, TensorFlowJS"),r.a.createElement("br",null),r.a.createElement("p",null,"KEY PROJECTS"),r.a.createElement("p",null,"Migraine Friendly Internet, A Chrome Browser plug in designed to make the internet better for sufferers of migraine.  Users have the option to change the coloration and spacing of all websites as well as blocking all advertisements and media autoplay."),r.a.createElement("p",null,"Social Metadata Management System (PHP), a simple system built to make social media sites display correct  information for shared content. It is prodmomentianly used to send OG information for videos and jump links."),r.a.createElement("p",null,"The City I Love, a site built with React Native  and accompanying guide written and developed for beginners learning VR."),r.a.createElement("p",null,"Game of React Redux, a tutorial and demo accompaniment to  a talk I gave teaching a React Redux design pattern (originated by the Dan Abramov To Do MVC example)."),r.a.createElement("br",null),r.a.createElement("p",null,"EDUCATION"),r.a.createElement("p",null,"Full Stack Developer Intensive - Dev Bootcamp, NY"),r.a.createElement("p",null,"MBA, HR Information Systems - University at Albany, NY"),r.a.createElement("p",null,"BA, Economics - University at Albany, NY"),r.a.createElement("p",null,"BA, Chinese - University at Albany, NY"))},y=function(){return r.a.createElement(r.a.Fragment,null,r.a.createElement("p",null,"I am very lucky I have gotten to work on a bunch of cool things."),r.a.createElement("br",null),r.a.createElement("p",null,"For mobile and IOT check out Dog Parker (its also a pretty damn cool bussiness):",r.a.createElement("br",null),r.a.createElement("a",{target:"_blank",rel:"noopener noreferrer",href:"https://dogparker.com/"},"WEB"),r.a.createElement("a",{target:"_blank",rel:"noopener noreferrer",href:"https://play.google.com/store/apps/details?id=com.dogparker.app&hl=en_US"},"ANDROID"),r.a.createElement("a",{target:"_blank",rel:"noopener noreferrer",href:"https://itunes.apple.com/ca/app/dog-parker/id1151350607?mt=8"},"IOS"),r.a.createElement("br",null),r.a.createElement("br",null),"I also wrote this for getting twitter on a smart mirror: ",r.a.createElement("br",null),r.a.createElement("a",{target:"_blank",rel:"noopener noreferrer",href:"https://github.com/AaronStackBarnes/twitter-bot"},"REPO")),r.a.createElement("br",null),r.a.createElement("p",null,"To see some front-end stuff that I have worked on for clients, in production, check out:",r.a.createElement("br",null),r.a.createElement("a",{target:"_blank",rel:"noopener noreferrer",href:"https://www.eagle-bendamustine.com"},"EAGLE")," ",r.a.createElement("a",{target:"_blank",rel:"noopener noreferrer",href:"https://www.ntmfacts.com/"},"NTM HCP")," ",r.a.createElement("a",{target:"_blank",rel:"noopener noreferrer",href:"https://www.aboutntm.com/"},"NTM DTC")),r.a.createElement("br",null),r.a.createElement("p",null,"To see something built in web components and the web-speech api checkout this (the Web Speech API is currently only supported on chrome):",r.a.createElement("br",null),r.a.createElement("a",{target:"_blank",rel:"noopener noreferrer",href:"https://speech-to-text-demo-705c9.firebaseapp.com/web-speech-api"},"DEMO")))},E="Uncompressing Linux... done, booting the kernel.\n[    0.000000] Booting Linux on physical CPU 0x0\n[    0.000000] Initializing cgroup subsys cpu\n[    0.000000] Initializing cgroup subsys cpuacct\n[    0.000000] Linux version 3.18.10+ (dc4@dc4-XPS13-9333) (gcc version 4.8.3 20140303 (prerelease) (crosstool-NG linaro-1.13.1+bzr2650 - Linaro GCC 2014.03)) #775 PREEMPT Thu Apr 2 18:10:12 BST 2015\n[    0.000000] CPU: ARMv6-compatible processor [410fb767] revision 7 (ARMv7), cr=00c5387d\n[    0.000000] CPU: PIPT / VIPT nonaliasing data cache, VIPT nonaliasing instruction cache\n[    0.000000] Machine model: Raspberry Pi Model B\n[    0.000000] cma: Reserved 8 MiB at 0x0b800000\n[    0.000000] Memory policy: Data cache writeback\n[    0.000000] Built 1 zonelists in Zone order, mobility grouping on.  Total pages: 48768\n[    0.000000] Kernel command line: dma.dmachans=0x7f35 bcm2708_fb.fbwidth=656 bcm2708_fb.fbheight=416 bcm2708.boardrev=0x2 bcm2708.serial=0xb51cb961 smsc95x.macaddr=B8:27:EB:1C:B9:61 bcm2708_fb.fbswap=1 sdhci-bcm2708.emmc_clock_freq=250000000 vc_mem.mem_base=0xec00000 vc_mem.mem_size=0x10000000  dwc_otg.lpm_enabe=0 console=ttyAMA0,115200 console=tty1 root=/dev/mmcblk0p2 rootfstype=ext4 elevator=deadline rootwait\n[    0.000000] PID hash table entries: 1024 (order: 0, 4096 bytes)\n[    0.000000] Dentry cache hash table entries: 32768 (order: 5, 131072 bytes)\n[    0.000000] Inode-cache hash table entries: 16384 (order: 4, 65536 bytes)\n[    0.000000] Memory: 177372K/196608K available (5885K kernel code, 348K rwdata, 1868K rodata, 340K init, 733K bss, 19236K reserved)\n[    0.000000] Virtual kernel memory layout:\n[    0.000000]     vector  : 0xffff0000 - 0xffff1000   (   4 kB)\n[    0.000000]     fixmap  : 0xffc00000 - 0xffe00000   (2048 kB)\n[    0.000000]     vmalloc : 0xcc800000 - 0xff000000   ( 808 MB)\n[    0.000000]     lowmem  : 0xc0000000 - 0xcc000000   ( 192 MB)\n[    0.000000]     modules : 0xbf000000 - 0xc0000000   (  16 MB)\n[    0.000000]       .text : 0xc0008000 - 0xc079a78c   (7754 kB)\n[    0.000000]       .init : 0xc079b000 - 0xc07f0000   ( 340 kB)\n[    0.000000]       .data : 0xc07f0000 - 0xc084711c   ( 349 kB)\n[    0.000000]        .bss : 0xc084711c - 0xc08fe848   ( 734 kB)\n[    0.000000] SLUB: HWalign=32, Order=0-3, MinObjects=0, CPUs=1, Nodes=1\n[    0.000000] Preemptible hierarchical RCU implementation.\n[    0.000000] NR_IRQS:522\n[    0.000027] sched_clock: 32 bits at 1000kHz, resolution 1000ns, wraps every 2147483648000ns\n[    0.000077] Switching to timer-based delay loop, resolution 1000ns\n[    0.000359] Console: colour dummy device 80x30\n[    0.001422] console [tty1] enabled\n[    0.001469] Calibrating delay loop (skipped), value calculated using timer frequency.. 2.00 BogoMIPS (lpj=10000)\n[    0.001545] pid_max: default: 32768 minimum: 301\n[    0.001931] Mount-cache hash table entries: 1024 (order: 0, 4096 bytes)\n[    0.001997] Mountpoint-cache hash table entries: 1024 (order: 0, 4096 bytes)\n[    0.003000] Initializing cgroup subsys memory\n[    0.003093] Initializing cgroup subsys devices\n[    0.003151] Initializing cgroup subsys freezer\n[    0.003204] Initializing cgroup subsys net_cls\n[    0.003254] Initializing cgroup subsys blkio\n[    0.003377] CPU: Testing write buffer coherency: ok\n[    0.003498] ftrace: allocating 19229 entries in 57 pages\n[    0.107319] Setting up static identity map for 0x553698 - 0x5536d0\n[    0.110174] devtmpfs: initialized\n[    0.127357] VFP support v0.3: implementor 41 architecture 1 part 20 variant b rev 5\n[    0.130404] pinctrl core: initialized pinctrl subsystem\n[    0.133123] NET: Registered protocol family 16\n[    0.138594] DMA: preallocated 4096 KiB pool for atomic coherent allocations\n[    0.139999] bcm2708.uart_clock = 3000000\n[    0.142890] No ATAGs?\n[    0.142954] hw-breakpoint: found 6 breakpoint and 1 watchpoint registers.\n[    0.143016] hw-breakpoint: maximum watchpoint size is 4 bytes.\n[    0.143083] mailbox: Broadcom VideoCore Mailbox driver\n[    0.143245] bcm2708_vcio: mailbox at f200b880\n[    0.143703] bcm_power: Broadcom power driver\n[    0.143761] bcm_power_open() -> 0\n[    0.143791] bcm_power_request(0, 8)\n[    0.644504] bcm_mailbox_read -> 00000080, 0\n[    0.644551] bcm_power_request -> 0\n[    0.644761] Serial: AMBA PL011 UART driver\n[    0.645001] dev:f1: ttyAMA0 at MMIO 0x20201000 (irq = 83, base_baud = 0) is a PL011 rev3\n[    1.026171] console [ttyAMA0] enabled\n[    1.089428] SCSI subsystem initialized\n[    1.093582] usbcore: registered new interface driver usbfs\n[    1.099370] usbcore: registered new interface driver hub\n[    1.104873] usbcore: registered new device driver usb\n[    1.112045] Switched to clocksource stc\n[    1.144472] FS-Cache: Loaded\n[    1.147792] CacheFiles: Loaded\n[    1.167352] NET: Registered protocol family 2\n[    1.173329] TCP established hash table entries: 2048 (order: 1, 8192 bytes)\n[    1.180389] TCP bind hash table entries: 2048 (order: 1, 8192 bytes)\n[    1.187044] TCP: Hash tables configured (established 2048 bind 2048)\n[    1.193567] TCP: reno registered\n[    1.196842] UDP hash table entries: 256 (order: 0, 4096 bytes)\n[    1.202767] UDP-Lite hash table entries: 256 (order: 0, 4096 bytes)\n[    1.209433] NET: Registered protocol family 1\n[    1.214527] RPC: Registered named UNIX socket transport module.\n[    1.220497] RPC: Registered udp transport module.\n[    1.225329] RPC: Registered tcp transport module.\n[    1.230060] RPC: Registered tcp NFSv4.1 backchannel transport module.\n[    1.237793] bcm2708_dma: DMA manager at f2007000\n[    1.242844] vc-mem: phys_addr:0x00000000 mem_base=0x0ec00000 mem_size:0x10000000(256 MiB)\n[    1.252677] futex hash table entries: 256 (order: -1, 3072 bytes)\n[    1.258959] audit: initializing netlink subsys (disabled)\n[    1.264643] audit: type=2000 audit(1.030:1): initialized\n[    1.285511] VFS: Disk quotas dquot_6.5.2\n[    1.289878] Dquot-cache hash table entries: 1024 (order 0, 4096 bytes)\n[    1.299414] FS-Cache: Netfs 'nfs' registered for caching\n[    1.306594] NFS: Registering the id_resolver key type\n[    1.311766] Key type id_resolver registered\n[    1.316111] Key type id_legacy registered\n[    1.321553] msgmni has been set to 362\n[    1.327984] Block layer SCSI generic (bsg) driver version 0.4 loaded (major 252)\n[    1.336007] io scheduler noop registered\n[    1.339992] io scheduler deadline registered (default)\n[    1.345764] io scheduler cfq registered\n[    1.352388] BCM2708FB: allocated DMA memory 4bc00000\n[    1.357459] BCM2708FB: allocated DMA channel 0 @ f2007000\n[    1.368051] Console: switching to colour frame buffer device 82x26\n[    1.379949] bcm2708-dmaengine bcm2708-dmaengine: Load BCM2835 DMA engine driver\n[    1.389642] uart-pl011 dev:f1: no DMA platform data\n[    1.397092] vc-cma: Videocore CMA driver\n[    1.402834] vc-cma: vc_cma_base      = 0x00000000\n[    1.409145] vc-cma: vc_cma_size      = 0x00000000 (0 MiB)\n[    1.416205] vc-cma: vc_cma_initial   = 0x00000000 (0 MiB)\n[    1.436395] brd: module loaded\n[    1.448019] loop: module loaded\n[    1.453297] vchiq: vchiq_init_state: slot_zero = 0xcb800000, is_master = 0\n[    1.462740] Loading iSCSI transport class v2.0-870.\n[    1.470905] usbcore: registered new interface driver smsc95xx\n[    1.478580] dwc_otg: version 3.00a 10-AUG-2012 (platform bus)\n[    1.686340] Core Release: 2.80a\n[    1.691076] Setting default values for core params\n[    1.697475] Finished setting default values for core params\n[    1.904796] Using Buffer DMA mode\n[    1.909665] Periodic Transfer Interrupt Enhancement - disabled\n[    1.917086] Multiprocessor Interrupt Enhancement - disabled\n[    1.924277] OTG VER PARAM: 0, OTG VER FLAG: 0\n[    1.930218] Dedicated Tx FIFOs mode\n[    1.935666] WARN::dwc_otg_hcd_init:1047: FIQ DMA bounce buffers: virt = 0xcbc14000 dma = 0x4bc14000 len=9024\n[    1.948724] FIQ FSM acceleration enabled for :\n[    1.948724] Non-periodic Split Transactions\n[    1.948724] Periodic Split Transactions\n[    1.948724] High-Speed Isochronous Endpoints\n[    1.971866] WARN::hcd_init_fiq:412: FIQ on core 0 at 0xc03fad8c\n[    1.979466] WARN::hcd_init_fiq:413: FIQ ASM at 0xc03fb064 length 36\n[    1.987400] WARN::hcd_init_fiq:438: MPHI regs_base at 0xcc806000\n[    1.995104] dwc_otg bcm2708_usb: DWC OTG Controller\n[    2.001651] dwc_otg bcm2708_usb: new USB bus registered, assigned bus number 1\n[    2.010630] dwc_otg bcm2708_usb: irq 32, io mem 0x00000000\n[    2.017815] Init: Port Power? op_state=1\n[    2.023378] Init: Power Port (0)\n[    2.028537] usb usb1: New USB device found, idVendor=1d6b, idProduct=0002\n[    2.037033] usb usb1: New USB device strings: Mfr=3, Product=2, SerialNumber=1\n[    2.045927] usb usb1: Product: DWC OTG Controller\n[    2.052273] usb usb1: Manufacturer: Linux 3.18.10+ dwc_otg_hcd\n[    2.059707] usb usb1: SerialNumber: bcm2708_usb\n[    2.066889] hub 1-0:1.0: USB hub found\n[    2.072503] hub 1-0:1.0: 1 port detected\n[    2.079264] usbcore: registered new interface driver usb-storage\n[    2.087479] mousedev: PS/2 mouse device common for all mice\n[    2.095606] bcm2835-cpufreq: min=700000 max=700000\n[    2.102496] sdhci: Secure Digital Host Controller Interface driver\n[    2.110280] sdhci: Copyright(c) Pierre Ossman\n[    2.116621] DMA channels allocated for the MMC driver\n[    2.152126] Load BCM2835 MMC driver\n[    2.159221] sdhci-pltfm: SDHCI platform and OF driver helper\n[    2.175080] ledtrig-cpu: registered to indicate activity on CPUs\n[    2.183143] hidraw: raw HID events driver (C) Jiri Kosina\n[    2.194831] usbcore: registered new interface driver usbhid\n[    2.203214] usbhid: USB HID core driver\n[    2.211223] TCP: cubic registered\n[    2.217453] Initializing XFRM netlink socket\n[    2.225619] NET: Registered protocol family 17\n[    2.231956] Key type dns_resolver registered\n[    2.239713] registered taskstats version 1\n[    2.245791] vc-sm: Videocore shared memory driver\n[    2.252251] [vc_sm_connected_init]: start\n[    2.259102] [vc_sm_connected_init]: end - returning 0\n[    2.267761] Waiting for root device /dev/mmcblk0p2...\n[    2.274904] Indeed it is in host mode hprt0 = 00021501\n[    2.286814] mmc0: host does not support reading read-only switch, assuming write-enable\n[    2.314220] mmc0: new high speed SDHC card at address b368\n[    2.332171] mmcblk0: mmc0:b368 SMI   15.0 GiB\n[    2.343287]  mmcblk0: p1 p2\n[    2.395467] EXT4-fs (mmcblk0p2): INFO: recovery required on readonly filesystem\n[    2.404706] EXT4-fs (mmcblk0p2): write access will be enabled during recovery\n[    2.460279] EXT4-fs (mmcblk0p2): recovery complete\n[    2.472867] EXT4-fs (mmcblk0p2): mounted filesystem with ordered data mode. Opts: (null)\n[    2.484425] usb 1-1: new high-speed USB device number 2 using dwc_otg\n[    2.492779] VFS: Mounted root (ext4 filesystem) readonly on device 179:2.\n[    2.501971] Indeed it is in host mode hprt0 = 00001101\n[    2.509409] devtmpfs: mounted\n[    2.523251] Freeing unused kernel memory: 340K (c079b000 - c07f0000)\n[    2.722646] usb 1-1: New USB device found, idVendor=0424, idProduct=9512\n[    2.732631] usb 1-1: New USB device strings: Mfr=0, Product=0, SerialNumber=0\n[    2.746803] hub 1-1:1.0: USB hub found\n[    2.753774] hub 1-1:1.0: 3 ports detected\n[    3.032458] usb 1-1.1: new high-speed USB device number 3 using dwc_otg\n[    3.142744] usb 1-1.1: New USB device found, idVendor=0424, idProduct=ec00\n[    3.151599] usb 1-1.1: New USB device strings: Mfr=0, Product=0, SerialNumber=0\n[    3.174835] smsc95xx v1.0.4\n[    3.260006] smsc95xx 1-1.1:1.0 eth0: register 'smsc95xx' at usb-bcm2708_usb-1.1, smsc95xx USB 2.0 Ethernet, b8:27:eb:1c:b9:61\n[    4.220552] udevd[159]: starting version 175\n[   10.386572] EXT4-fs (mmcblk0p2): re-mounted. Opts: (null)\n[   10.867335] EXT4-fs (mmcblk0p2): re-mounted. Opts: (null)\n[   11.810617] random: nonblocking pool is initialized\n[   11.849114] Driver for 1-wire Dallas network protocol.\n[   12.167722] i2c /dev entries driver",w=function(){return r.a.createElement("div",{className:"callout"},r.a.createElement("p",null,"Cannes Innovation Award Finalist:"," ",r.a.createElement("a",{target:"_blank",rel:"noopener noreferrer",href:"https://see-sound.com/"},"See Sound")))},x=function(e){return r.a.createElement("div",null,r.a.createElement("div",{className:"profileHeader"},r.a.createElement("img",{src:"http://167.99.235.109".concat(e.profilePicturePath.replace("/downloads",""))}),r.a.createElement("div",null,r.a.createElement("p",null,"Name: ","".concat(e.firstName," ").concat(e.lastName)),r.a.createElement("p",null,"Handle: ",e.handle),r.a.createElement("p",null,"Last Post: ",e.lastPost),r.a.createElement("p",null,"Last Login: ",e.lastLogin))),r.a.createElement("p",null,"".concat(e.firstName," sounds like the twitter user (or combination of users) ").concat(e.voice)),r.a.createElement("p",null,"His interests include: ".concat(e.interests.join(" "))))},k=function(e){return"like"===e.type?r.a.createElement("div",null,r.a.createElement("p",null,"A bot liked a post on ".concat(e.platform," by the user ").concat(e.postedBy))):"post"===e.type?r.a.createElement("div",null,r.a.createElement("p",null,"".concat(e.postedBy," posted to ").concat(e.instagram),":"),r.a.createElement("img",{src:"http://167.99.235.109".concat(e.image.replace("downloads",""))}),r.a.createElement("p",null,e.text)):void 0},S=n(17),A=n.n(S),M=(n(47),"http://localhost:3030"),P=function(e){function t(){var e,n;Object(d.a)(this,t);for(var a=arguments.length,i=new Array(a),o=0;o<a;o++)i[o]=arguments[o];return(n=Object(p.a)(this,(e=Object(b.a)(t)).call.apply(e,[this].concat(i)))).state={text:"",typeBox:"",messages:[],loadingText:"Initializing AI",loadingTextVisibility:"hidden"},n.toggleLoadingText=function(){for(var e=function(e){var t;t=e,setTimeout(function(){n.setState({loadingTextVisibility:"hidden"===n.state.loadingTextVisibility?"visible":"hidden"}),4===t?n.setState({loadingText:"Connected to System Intelligence"}):8===t&&n.setState({loadingText:"Please Hold"})},500*e)},t=0;t<=10;t++)e(t);setTimeout(function(){n.setState({loadingText:"Loaded. Thanks for scrolling back up."}),n.typewriter("Well are you going to say hello...")},11e3)},n.displayBoot=function(){var e=E.split("[");e.forEach(function(e,t){setTimeout(function(){n.setState({messages:Object(m.a)(n.state.messages).concat([r.a.createElement("p",{key:t},"[",e)])}),n.chatBox.scrollIntoView()},20*t)}),setTimeout(function(){n.setState({messages:Object(m.a)(n.state.messages).concat([r.a.createElement(w,{key:e.length})])}),n.chatBox.scrollIntoView()},20*e.length)},n.handleTextChange=function(e){n.setState({text:e.target.value})},n.handleSubmit=function(e){e.preventDefault(),n.state.text&&("bots ls"===n.state.text?n.botFetcher("bots"):"bots tail -100"===n.state.text?n.botFetcher("activities"):n.submitMessageToServer(n.state.text),n.setState({messages:Object(m.a)(n.state.messages).concat([r.a.createElement("p",{key:+new Date}," >> ",n.state.text)]),text:""}))},n.handleKeyPress=function(e){"Enter"===e.key&&n.handleSubmit(e)},n.submitMessageToServer=function(){var e=Object(c.a)(l.a.mark(function e(t){var a;return l.a.wrap(function(e){for(;;)switch(e.prev=e.next){case 0:return e.prev=0,e.next=3,f.a.post(M+"/messages",{text:t});case 3:"resume"===(a=e.sent).data.text?n.setState({messages:Object(m.a)(n.state.messages).concat([r.a.createElement(v,null)])}):"portfolio"===a.data.text?n.setState({messages:Object(m.a)(n.state.messages).concat([r.a.createElement(y,null)])}):(n.typewriter(a.data.text),n.chatBox.scrollIntoView()),e.next=10;break;case 7:e.prev=7,e.t0=e.catch(0),console.error(e.t0);case 10:case"end":return e.stop()}},e,this,[[0,7]])}));return function(t){return e.apply(this,arguments)}}(),n.botFetcher=function(){var e=Object(c.a)(l.a.mark(function e(t){var a;return l.a.wrap(function(e){for(;;)switch(e.prev=e.next){case 0:return e.prev=0,e.next=3,f.a.post(M+"/bots",{type:t});case 3:if(a=e.sent,console.log(a.data.result),console.log(a.data),a.data&&a.data.result){e.next=8;break}return e.abrupt("return");case 8:a.data.result.bots&&a.data.result.bots.length&&"bots"===t?n.setState({messages:Object(m.a)(n.state.messages).concat(Object(m.a)(a.data.result.bots.map(function(e,t){return r.a.createElement(x,Object.assign({key:"".concat(t,"A")},e))})))}):a.data.result.activities&&a.data.result.activities.length&&"activities"===t&&n.setState({messages:Object(m.a)(n.state.messages).concat(Object(m.a)(a.data.result.activities.map(function(e,t){return r.a.createElement(k,Object.assign({key:"".concat(t,"A")},e))})))}),e.next=14;break;case 11:e.prev=11,e.t0=e.catch(0),console.error(e.t0);case 14:case"end":return e.stop()}},e,this,[[0,11]])}));return function(t){return e.apply(this,arguments)}}(),n.typewriter=function(e){var t=0,a="[AM] ".concat(e);!function e(){t<a.length?(n.setState({typeBox:n.state.typeBox+a[t]}),t++,setTimeout(e,15)):n.setState({messages:Object(m.a)(n.state.messages).concat([r.a.createElement("p",{key:+new Date},a)]),typeBox:""})}()},n}return Object(h.a)(t,e),Object(u.a)(t,[{key:"componentDidMount",value:function(){var e=this;this.toggleLoadingText(),setTimeout(function(){e.displayBoot()},5e3)}},{key:"render",value:function(){var e=this;return r.a.createElement(r.a.Fragment,null,r.a.createElement("div",{className:"overlay"}),r.a.createElement("div",{className:"scanline"}),r.a.createElement("div",{className:"wrapper"},r.a.createElement("div",{className:"content clearfix"},r.a.createElement("header",{className:"site clearfix"},r.a.createElement("img",{src:A.a,alt:"ASB ACII",id:"logo-v"}),r.a.createElement("h4",null,"Full Stack Solutions (MM)"),r.a.createElement("p",null,"----------------------------------------"),r.a.createElement("p",null,"TERMINAL v 4.0.0"),r.a.createElement("p",null,(new Date).toString()),r.a.createElement("p",{style:{visibility:this.state.loadingTextVisibility}},"- ",this.state.loadingText," -")),r.a.createElement("p",null,"The Allied Master Computer (AM) - INIT INTELLIGENCE"),r.a.createElement("p",null,"System Administrator (SYSADM) - Bot Name: ",+new Date),r.a.createElement("p",{className:"clear"},r.a.createElement("br",null)),this.state.messages,r.a.createElement("p",null,this.state.typeBox),r.a.createElement("form",{onSubmit:this.handleSubmit},r.a.createElement("label",null,"Message >>"),r.a.createElement("textarea",{onKeyPress:this.handleKeyPress,value:this.state.text,onChange:this.handleTextChange,id:"text",rows:"1"}),r.a.createElement("br",null),r.a.createElement("br",null),r.a.createElement("br",null),r.a.createElement("input",{ref:function(t){e.chatBox=t},type:"submit",value:"Submit"})))))}}]),t}(a.Component);Boolean("localhost"===window.location.hostname||"[::1]"===window.location.hostname||window.location.hostname.match(/^127(?:\.(?:25[0-5]|2[0-4][0-9]|[01]?[0-9][0-9]?)){3}$/));o.a.render(r.a.createElement(P,null),document.getElementById("root")),"serviceWorker"in navigator&&navigator.serviceWorker.ready.then(function(e){e.unregister()})}},[[20,2,1]]]);
//# sourceMappingURL=main.1d23d77b.chunk.js.map